[backblue.gif]
[fade.gif]
[index.html]
[lengaswear.com/imgs/favicon.png]
[code.jquery.com/jquery-3.3.1.min.js]
[lengaswear.com/imgs/Imagotipo-Pepa.png]
[lengaswear.com/imgs/miniLogo.png]
[lengaswear.com/imgs/divisor.png]
[lengaswear.com/imgs/step1.jpg]
[lengaswear.com/imgs/step2.jpg]
[lengaswear.com/imgs/step3.jpg]
[lengaswear.com/imgs/step4.1.jpg]
[lengaswear.com/imgs/step5.1.jpg]
[lengaswear.com/imgs/step6.1.jpg]
[lengaswear.com/videos/Horizontal.mp4]
[lengaswear.com/imgs/franjaNewsletter.jpg]
[lengaswear.com/imgs/tony.jpg]
[image.ibb.co/hgy1M7/5a6f718346a28820008b4611_750_562.jpg]
[lengaswear.com/imgs/martin-lobianco.jpg]
[lengaswear.com/imgs/martina-andrade.jpg]
[lengaswear.com/imgs/fondoTestis.jpg]
[use.fontawesome.com/1744f3f671.js]
[lengaswear.com/imgs/shipped.png]
[lengaswear.com/imgs/certificate.png]
[lengaswear.com/imgs/money-back.png]
[lengaswear.com/imgs/shield.png]
[lengaswear.com/imgs/franja4Tips.jpg]
[lengaswear.com/index.html]
[www.googletagmanager.com/gtm5445.html]
[lengaswear.com/fonts/Monthoers.otf]
[lengaswear.com/fonts/Vincent-Regular.otf]
[lengaswear.com/fonts/CormorantInfant-Medium.ttf]
[lengaswear.com/fonts/Montserrat-ThinItalic.ttf]
[lengaswear.com/fonts/Montserrat-Thin.ttf]
[lengaswear.com/fonts/Montserrat-SemiBoldItalic.ttf]
[lengaswear.com/fonts/Montserrat-SemiBold.ttf]
[lengaswear.com/fonts/Montserrat-Regular.ttf]
[lengaswear.com/fonts/Montserrat-MediumItalic.ttf]
[lengaswear.com/fonts/Montserrat-LightItalic.ttf]
[lengaswear.com/fonts/Montserrat-Light.ttf]
[lengaswear.com/fonts/Montserrat-Italic.ttf]
[lengaswear.com/fonts/Montserrat-ExtraLightItalic.ttf]
[lengaswear.com/fonts/Montserrat-ExtraLight.ttf]
[lengaswear.com/fonts/Montserrat-ExtraBoldItalic.ttf]
[lengaswear.com/fonts/Montserrat-ExtraBold.ttf]
[lengaswear.com/fonts/Montserrat-Bold.ttf]
[lengaswear.com/fonts/Montserrat-BlackItalic.ttf]
[lengaswear.com/fonts/Montserrat-Black.ttf]
[lengaswear.com/relojes/imgs/portada-mate.jpg]
[lengaswear.com/imgs/lenga.jpg]
[lengaswear.com/imgs/guayubira.jpg]
[lengaswear.com/imgs/moradillo.jpg]
[lengaswear.com/imgs/cancharana.jpg]
[lengaswear.com/imgs/franjaNace.jpg]
[lengaswear.com/relojes/imgs/fondo-shop.jpg]
[lengaswear.com/imgs/reforestando-relojes-lengas-gal1.1.jpg]
[lengaswear.com/en/imgs/lengas-home-gallery-2.jpg]
[lengaswear.com/imgs/relojes-madera-gal3.1.jpg]
[lengaswear.com/en/imgs/lengas-home-gallery-3.jpg]
[lengaswear.com/imgs/personalizado.jpg]
[lengaswear.com/imgs/corporativo.jpg]
[lengaswear.com/css/home.css]
[lengaswear.com/imgs/portada-mate-mob.jpg]
[lengaswear.com/imgs/lenga-mob.jpg]
[lengaswear.com/imgs/guayubira-mob.jpg]
[lengaswear.com/imgs/moradillo-mob.jpg]
[lengaswear.com/imgs/cancharana-mob.jpg]
[lengaswear.com/css/homeMobile6e12.css]
[lengaswear.com/carrito.js]
[lengaswear.com/imgs/logoNegro.png]
[lengaswear.com/imgs/camp.png]
[lengaswear.com/carrito.html]
[lengaswear.com/imgs/shopping-cart.svg]
[lengaswear.com/imgs/argentina.svg]
[lengaswear.com/imgs/latin.svg]
[lengaswear.com/imgs/spain.svg]
[lengaswear.com/imgs/europe.svg]
[lengaswear.com/imgs/united-states.svg]
[lengaswear.com/en/imgs/favicon.png]
[lengaswear.com/en/imgs/divisor.png]
[lengaswear.com/en/imgs/step1.jpg]
[lengaswear.com/en/imgs/step2.jpg]
[lengaswear.com/en/imgs/step3.jpg]
[lengaswear.com/en/imgs/step4.1.jpg]
[lengaswear.com/en/imgs/step5.1.jpg]
[lengaswear.com/en/imgs/step6.1.jpg]
[lengaswear.com/en/videos/Horizontal.mp4]
[lengaswear.com/en/imgs/franjaNewsletter.jpg]
[lengaswear.com/en/imgs/fondoTestis.jpg]
[lengaswear.com/en/index.html]
[lengaswear.com/es/imgs/favicon.png]
[lengaswear.com/es/imgs/divisor.png]
[lengaswear.com/es/imgs/step1.jpg]
[lengaswear.com/es/imgs/step2.jpg]
[lengaswear.com/es/imgs/step3.jpg]
[lengaswear.com/es/imgs/step4.1.jpg]
[lengaswear.com/es/imgs/step5.1.jpg]
[lengaswear.com/es/imgs/step6.1.jpg]
[lengaswear.com/es/videos/Horizontal.mp4]
[lengaswear.com/es/imgs/franjaNewsletter.jpg]
[lengaswear.com/es/imgs/fondoTestis.jpg]
[lengaswear.com/es/index.html]
[lengaswear.com/latam/imgs/favicon.png]
[lengaswear.com/latam/imgs/divisor.png]
[lengaswear.com/latam/imgs/step1.jpg]
[lengaswear.com/latam/imgs/step2.jpg]
[lengaswear.com/latam/imgs/step3.jpg]
[lengaswear.com/latam/imgs/step4.1.jpg]
[lengaswear.com/latam/imgs/step5.1.jpg]
[lengaswear.com/latam/imgs/step6.1.jpg]
[lengaswear.com/latam/videos/Horizontal.mp4]
[lengaswear.com/latam/imgs/franjaNewsletter.jpg]
[lengaswear.com/latam/imgs/fondoTestis.jpg]
[lengaswear.com/latam/index.html]
[lengaswear.com/relojes/imgs/down-arrow.svg]
[lengaswear.com/imgs/gift.svg]
[code.jquery.com/jquery-3.4.1.min.js]
[lengaswear.com/relojes/imgs/tapa-png.png]
[lengaswear.com/relojes/imgs/reloj-lenga-png.png]
[lengaswear.com/relojes/imgs/cristal-png.png]
[lengaswear.com/relojes/imgs/textura-vidrio.png]
[lengaswear.com/relojes/imgs/mat-lenga.png]
[lengaswear.com/relojes/imgs/textura-aluminio.png]
[lengaswear.com/relojes/imgs/cuadrante-lenga.png]
[lengaswear.com/relojes/fotos/lenga-vetas.jpg]
[lengaswear.com/relojes/imgs/ligero-lenga.png]
[lengaswear.com/relojes/imgs/13seg.mp4]
[lengaswear.com/relojes/imgs/tapa-aluminio.png]
[lengaswear.com/relojes/imgs/remache.jpg]
[lengaswear.com/relojes/imgs/correas-lenga.png]
[lengaswear.com/relojes/imgs/packa-lenga.png]
[lengaswear.com/imgs/cancel.png]
[lengaswear.com/relojes/quemanta.html]
[lengaswear.com/relojes/imgs/reloj-guayubira-png.png]
[lengaswear.com/relojes/imgs/mat-guayubira.png]
[lengaswear.com/relojes/imgs/cuadrante-guayubira.png]
[lengaswear.com/relojes/fotos/guayubira-vetas.jpg]
[lengaswear.com/relojes/imgs/ligero-guayubira.png]
[lengaswear.com/relojes/imgs/correas-guayubira.png]
[lengaswear.com/relojes/imgs/packa-guayubira.png]
[lengaswear.com/relojes/tesh.html]
[lengaswear.com/relojes/imgs/reloj-cancharana-png.png]
[lengaswear.com/relojes/imgs/mat-cancharana.png]
[lengaswear.com/relojes/imgs/cuadrante-cancharana.png]
[lengaswear.com/relojes/fotos/jauke-mano-compressor.jpg]
[lengaswear.com/relojes/imgs/ligero-cancharana.png]
[lengaswear.com/relojes/imgs/correas-cancharana.png]
[lengaswear.com/relojes/imgs/packa-cancharana.png]
[lengaswear.com/relojes/jauke.html]
[lengaswear.com/relojes/imgs/reloj-moradillo-png.png]
[lengaswear.com/relojes/imgs/mat-moradillo.png]
[lengaswear.com/relojes/imgs/cuadrante-moradillo.png]
[lengaswear.com/relojes/fotos/moradillo-vetas.jpg]
[lengaswear.com/relojes/imgs/ligero-moradillo.png]
[lengaswear.com/relojes/imgs/correas-moradillo.png]
[lengaswear.com/relojes/imgs/packa-moradillo.png]
[lengaswear.com/relojes/mahai.html]
[lengaswear.com/imgs/downArrow.svg]
[lengaswear.com/videos/Horizontal.mp4]
[lengaswear.com/personalizado.html]
[lengaswear.com/modalCorpo.html]
[lengaswear.com/css/carrito.css]
[lengaswear.com/css/carritoMobaf24.css]
[lengaswear.com/menu.html]
[lengaswear.com/imgs/coupon3.svg]
[lengaswear.com/imgs/delete.svg]
[lengaswear.com/imgs/minus.svg]
[lengaswear.com/modalCheckout.html]
[lengaswear.com/en/watches/imgs/portada-mate.jpg]
[lengaswear.com/en/imgs/lenga.jpg]
[lengaswear.com/en/imgs/guayubira.jpg]
[lengaswear.com/en/imgs/moradillo.jpg]
[lengaswear.com/en/imgs/cancharana.jpg]
[lengaswear.com/en/imgs/franjaNace.jpg]
[lengaswear.com/en/watches/imgs/fondo-shop.jpg]
[lengaswear.com/en/imgs/reforestando-relojes-lengas-gal1.1.jpg]
[lengaswear.com/en/imgs/lengas-home-gallery-4.jpg]
[lengaswear.com/en/imgs/personalizado.jpg]
[lengaswear.com/en/imgs/corporativo.jpg]
[lengaswear.com/en/imgs/franja4Tips.jpg]
[lengaswear.com/en/css/home.css]
[lengaswear.com/en/imgs/portada-mate-mob.jpg]
[lengaswear.com/en/imgs/lenga-mob.jpg]
[lengaswear.com/en/imgs/guayubira-mob.jpg]
[lengaswear.com/en/imgs/moradillo-mob.jpg]
[lengaswear.com/en/imgs/cancharana-mob.jpg]
[lengaswear.com/en/css/homeMobile6e12.css]
[lengaswear.com/en/carrito.js]
[lengaswear.com/en/imgs/logoNegro.png]
[lengaswear.com/en/imgs/camp.png]
[lengaswear.com/en/cart.html]
[lengaswear.com/en/watches/imgs/down-arrow.svg]
[lengaswear.com/en/imgs/gift.svg]
[lengaswear.com/en/watches/imgs/tapa-png.png]
[lengaswear.com/en/watches/imgs/reloj-lenga-png.png]
[lengaswear.com/en/watches/imgs/cristal-png.png]
[lengaswear.com/en/watches/imgs/textura-vidrio.png]
[lengaswear.com/en/watches/imgs/mat-lenga.png]
[lengaswear.com/en/watches/imgs/textura-aluminio.png]
[lengaswear.com/en/watches/imgs/cuadrante-lenga.png]
[lengaswear.com/en/watches/fotos/lenga-vetas.jpg]
[lengaswear.com/en/watches/imgs/ligero-lenga.png]
[lengaswear.com/en/watches/imgs/13seg.mp4]
[lengaswear.com/en/watches/imgs/tapa-aluminio.png]
[lengaswear.com/en/watches/imgs/remache.jpg]
[lengaswear.com/en/watches/imgs/correas-lenga.png]
[lengaswear.com/en/watches/imgs/packa-lenga.png]
[lengaswear.com/en/watches/quemanta.html]
[lengaswear.com/en/watches/imgs/reloj-guayubira-png.png]
[lengaswear.com/en/watches/imgs/mat-guayubira.png]
[lengaswear.com/en/watches/imgs/cuadrante-guayubira.png]
[lengaswear.com/en/watches/fotos/guayubira-vetas.jpg]
[lengaswear.com/en/watches/imgs/ligero-guayubira.png]
[lengaswear.com/en/watches/imgs/correas-guayubira.png]
[lengaswear.com/en/watches/imgs/packa-guayubira.png]
[lengaswear.com/en/watches/tesh.html]
[lengaswear.com/en/watches/imgs/reloj-cancharana-png.png]
[lengaswear.com/en/watches/imgs/mat-cancharana.png]
[lengaswear.com/en/watches/imgs/cuadrante-cancharana.png]
[lengaswear.com/en/watches/fotos/reloj-lengas-jauke.jpg]
[lengaswear.com/en/watches/imgs/ligero-cancharana.png]
[lengaswear.com/en/watches/imgs/correas-cancharana.png]
[lengaswear.com/en/watches/imgs/packa-cancharana.png]
[lengaswear.com/en/watches/jauke.html]
[lengaswear.com/en/watches/imgs/reloj-moradillo-png.png]
[lengaswear.com/en/watches/imgs/mat-moradillo.png]
[lengaswear.com/en/watches/imgs/cuadrante-moradillo.png]
[lengaswear.com/en/watches/fotos/moradillo-vetas.jpg]
[lengaswear.com/en/watches/imgs/ligero-moradillo.png]
[lengaswear.com/en/watches/imgs/correas-moradillo.png]
[lengaswear.com/en/watches/imgs/packa-moradillo.png]
[lengaswear.com/en/watches/mahai.html]
[lengaswear.com/en/imgs/downArrow.svg]
[lengaswear.com/en/videos/Horizontal.mp4]
[lengaswear.com/es/relojes/imgs/portada-mate.jpg]
[lengaswear.com/es/imgs/lenga.jpg]
[lengaswear.com/es/imgs/guayubira.jpg]
[lengaswear.com/es/imgs/moradillo.jpg]
[lengaswear.com/es/imgs/cancharana.jpg]
[lengaswear.com/es/imgs/franjaNace.jpg]
[lengaswear.com/es/relojes/imgs/fondo-shop.jpg]
[lengaswear.com/es/imgs/reforestando-relojes-lengas-gal1.1.jpg]
[lengaswear.com/es/imgs/relojes-madera-gal3.1.jpg]
[lengaswear.com/es/imgs/personalizado.jpg]
[lengaswear.com/es/imgs/corporativo.jpg]
[lengaswear.com/es/imgs/franja4Tips.jpg]
[lengaswear.com/es/css/home.css]
[lengaswear.com/es/imgs/portada-mate-mob.jpg]
[lengaswear.com/es/imgs/lenga-mob.jpg]
[lengaswear.com/es/imgs/guayubira-mob.jpg]
[lengaswear.com/es/imgs/moradillo-mob.jpg]
[lengaswear.com/es/imgs/cancharana-mob.jpg]
[lengaswear.com/es/css/homeMobile6e12.css]
[lengaswear.com/es/carrito.js]
[lengaswear.com/es/imgs/logoNegro.png]
[lengaswear.com/es/imgs/camp.png]
[lengaswear.com/es/carrito.html]
[lengaswear.com/es/relojes/imgs/down-arrow.svg]
[lengaswear.com/es/imgs/gift.svg]
[lengaswear.com/es/relojes/imgs/tapa-png.png]
[lengaswear.com/es/relojes/imgs/reloj-lenga-png.png]
[lengaswear.com/es/relojes/imgs/cristal-png.png]
[lengaswear.com/es/relojes/imgs/textura-vidrio.png]
[lengaswear.com/es/relojes/imgs/mat-lenga.png]
[lengaswear.com/es/relojes/imgs/textura-aluminio.png]
[lengaswear.com/es/relojes/imgs/cuadrante-lenga.png]
[lengaswear.com/es/relojes/fotos/lenga-vetas.jpg]
[lengaswear.com/es/relojes/imgs/ligero-lenga.png]
[lengaswear.com/es/relojes/imgs/13seg.mp4]
[lengaswear.com/es/relojes/imgs/tapa-aluminio.png]
[lengaswear.com/es/relojes/imgs/remache.jpg]
[lengaswear.com/es/relojes/imgs/correas-lenga.png]
[lengaswear.com/es/relojes/imgs/packa-lenga.png]
[lengaswear.com/es/relojes/quemanta.html]
[lengaswear.com/es/relojes/imgs/reloj-guayubira-png.png]
[lengaswear.com/es/relojes/imgs/mat-guayubira.png]
[lengaswear.com/es/relojes/imgs/cuadrante-guayubira.png]
[lengaswear.com/es/relojes/fotos/guayubira-vetas.jpg]
[lengaswear.com/es/relojes/imgs/ligero-guayubira.png]
[lengaswear.com/es/relojes/imgs/correas-guayubira.png]
[lengaswear.com/es/relojes/imgs/packa-guayubira.png]
[lengaswear.com/es/relojes/tesh.html]
[lengaswear.com/es/relojes/imgs/reloj-cancharana-png.png]
[lengaswear.com/es/relojes/imgs/mat-cancharana.png]
[lengaswear.com/es/relojes/imgs/cuadrante-cancharana.png]
[lengaswear.com/es/relojes/fotos/jauke-mano-compressor.jpg]
[lengaswear.com/es/relojes/imgs/ligero-cancharana.png]
[lengaswear.com/es/relojes/imgs/correas-cancharana.png]
[lengaswear.com/es/relojes/imgs/packa-cancharana.png]
[lengaswear.com/es/relojes/jauke.html]
[lengaswear.com/es/relojes/imgs/reloj-moradillo-png.png]
[lengaswear.com/es/relojes/imgs/mat-moradillo.png]
[lengaswear.com/es/relojes/imgs/cuadrante-moradillo.png]
[lengaswear.com/es/relojes/fotos/moradillo-vetas.jpg]
[lengaswear.com/es/relojes/imgs/ligero-moradillo.png]
[lengaswear.com/es/relojes/imgs/correas-moradillo.png]
[lengaswear.com/es/relojes/imgs/packa-moradillo.png]
[lengaswear.com/es/relojes/mahai.html]
[lengaswear.com/es/imgs/downArrow.svg]
[lengaswear.com/es/imgs/cancel.png]
[lengaswear.com/es/modalCorpo.html]
[lengaswear.com/latam/relojes/imgs/portada-mate.jpg]
[lengaswear.com/latam/imgs/lenga.jpg]
[lengaswear.com/latam/imgs/guayubira.jpg]
[lengaswear.com/latam/imgs/moradillo.jpg]
[lengaswear.com/latam/imgs/cancharana.jpg]
[lengaswear.com/latam/imgs/franjaNace.jpg]
[lengaswear.com/latam/relojes/imgs/fondo-shop.jpg]
[lengaswear.com/latam/imgs/reforestando-relojes-lengas-gal1.1.jpg]
[lengaswear.com/latam/imgs/relojes-madera-gal3.1.jpg]
[lengaswear.com/latam/imgs/personalizado.jpg]
[lengaswear.com/latam/imgs/corporativo.jpg]
[lengaswear.com/latam/imgs/franja4Tips.jpg]
[lengaswear.com/latam/css/home.css]
[lengaswear.com/latam/imgs/portada-mate-mob.jpg]
[lengaswear.com/latam/imgs/lenga-mob.jpg]
[lengaswear.com/latam/imgs/guayubira-mob.jpg]
[lengaswear.com/latam/imgs/moradillo-mob.jpg]
[lengaswear.com/latam/imgs/cancharana-mob.jpg]
[lengaswear.com/latam/css/homeMobile6e12.css]
[lengaswear.com/latam/carrito.js]
[lengaswear.com/latam/imgs/logoNegro.png]
[lengaswear.com/latam/imgs/camp.png]
[lengaswear.com/latam/carrito.html]
[lengaswear.com/latam/relojes/imgs/down-arrow.svg]
[lengaswear.com/latam/imgs/gift.svg]
[lengaswear.com/latam/relojes/imgs/tapa-png.png]
[lengaswear.com/latam/relojes/imgs/reloj-lenga-png.png]
[lengaswear.com/latam/relojes/imgs/cristal-png.png]
[lengaswear.com/latam/relojes/imgs/textura-vidrio.png]
[lengaswear.com/latam/relojes/imgs/mat-lenga.png]
[lengaswear.com/latam/relojes/imgs/textura-aluminio.png]
[lengaswear.com/latam/relojes/imgs/cuadrante-lenga.png]
[lengaswear.com/latam/relojes/fotos/lenga-vetas.jpg]
[lengaswear.com/latam/relojes/imgs/ligero-lenga.png]
[lengaswear.com/latam/relojes/imgs/13seg.mp4]
[lengaswear.com/latam/relojes/imgs/tapa-aluminio.png]
[lengaswear.com/latam/relojes/imgs/remache.jpg]
[lengaswear.com/latam/relojes/imgs/correas-lenga.png]
[lengaswear.com/latam/relojes/imgs/packa-lenga.png]
[lengaswear.com/latam/relojes/quemanta.html]
[lengaswear.com/latam/relojes/imgs/reloj-guayubira-png.png]
[lengaswear.com/latam/relojes/imgs/mat-guayubira.png]
[lengaswear.com/latam/relojes/imgs/cuadrante-guayubira.png]
[lengaswear.com/latam/relojes/fotos/guayubira-vetas.jpg]
[lengaswear.com/latam/relojes/imgs/ligero-guayubira.png]
[lengaswear.com/latam/relojes/imgs/correas-guayubira.png]
[lengaswear.com/latam/relojes/imgs/packa-guayubira.png]
[lengaswear.com/latam/relojes/tesh.html]
[lengaswear.com/latam/relojes/imgs/reloj-cancharana-png.png]
[lengaswear.com/latam/relojes/imgs/mat-cancharana.png]
[lengaswear.com/latam/relojes/imgs/cuadrante-cancharana.png]
[lengaswear.com/latam/relojes/fotos/jauke-mano-compressor.jpg]
[lengaswear.com/latam/relojes/imgs/ligero-cancharana.png]
[lengaswear.com/latam/relojes/imgs/correas-cancharana.png]
[lengaswear.com/latam/relojes/imgs/packa-cancharana.png]
[lengaswear.com/latam/relojes/jauke.html]
[lengaswear.com/latam/relojes/imgs/reloj-moradillo-png.png]
[lengaswear.com/latam/relojes/imgs/mat-moradillo.png]
[lengaswear.com/latam/relojes/imgs/cuadrante-moradillo.png]
[lengaswear.com/latam/relojes/fotos/moradillo-vetas.jpg]
[lengaswear.com/latam/relojes/imgs/ligero-moradillo.png]
[lengaswear.com/latam/relojes/imgs/correas-moradillo.png]
[lengaswear.com/latam/relojes/imgs/packa-moradillo.png]
[lengaswear.com/latam/relojes/mahai.html]
[lengaswear.com/latam/imgs/downArrow.svg]
[lengaswear.com/latam/imgs/cancel.png]
[lengaswear.com/latam/videos/Horizontal.mp4]
[lengaswear.com/latam/modalCorpo.html]
[lengaswear.com/relojes/imgs/fondo-taller-reloj.jpg]
[lengaswear.com/relojes/css/pagina-relojes-desktop81ca.css]
[lengaswear.com/relojes/fotos/lenga-portada.jpg]
[lengaswear.com/relojes/imgs/quemanta-wallpaper.jpg]
[lengaswear.com/relojes/css/lenga.css]
[lengaswear.com/relojes/css/pagina-relojes-mobile81ca.css]
[lengaswear.com/relojes/css/lengaMob.css]
[lengaswear.com/relojes/imgs/plus.svg]
[lengaswear.com/relojes/imgs/sketch-reloj.svg]
[lengaswear.com/relojes/imgs/star.svg]
[lengaswear.com/relojes/css/outOfMob.css]
[lengaswear.com/relojes/css/insta-style.css]
[lengaswear.com/relojes/imgs/13seg.mp4]
[lengaswear.com/relojes/fotos/guayubira-portada.jpg]
[lengaswear.com/relojes/imgs/tesh-wallpaper.jpg]
[lengaswear.com/relojes/css/guayubira.css]
[lengaswear.com/relojes/css/guayubiraMob.css]
[lengaswear.com/relojes/imgs/cuadrante-guayubira.png]
[lengaswear.com/relojes/fotos/guayubira-vetas.jpg]
[lengaswear.com/relojes/fotos/reloj-lengas-jauke.jpg]
[lengaswear.com/relojes/imgs/jauke-wallpaper.jpg]
[lengaswear.com/relojes/css/cancharana.css]
[lengaswear.com/relojes/css/cancharanaMob.css]
[lengaswear.com/relojes/css/pagina-relojes-desktop528b.css]
[lengaswear.com/relojes/fotos/moradillo-portada.jpg]
[lengaswear.com/relojes/imgs/mahai-wallpaper.jpg]
[lengaswear.com/relojes/css/moradillo.css]
[lengaswear.com/relojes/css/pagina-relojes-mobile528b.css]
[lengaswear.com/relojes/css/moradilloMob.css]
[lengaswear.com/videos/Horizontal.mp4]
[lengaswear.com/fonts/DancingScript-Regular.ttf]
[lengaswear.com/imgsBBDD/blackborrowDesc3.jpg]
[lengaswear.com/css/personalizado.css]
[lengaswear.com/css/personalizadoMobile.css]
[lengaswear.com/index-2.html]
[lengaswear.com/terminos.html]
[lengaswear.com/en/css/carrito.css]
[lengaswear.com/en/css/carritoMobaf24.css]
[lengaswear.com/en/menu.html]
[lengaswear.com/en/imgs/coupon3.svg]
[lengaswear.com/en/imgs/paypal.svg]
[lengaswear.com/en/imgs/visa.svg]
[lengaswear.com/en/imgs/mastercard.svg]
[lengaswear.com/en/imgs/american-express.svg]
[lengaswear.com/en/imgs/delete.svg]
[lengaswear.com/en/imgs/minus.svg]
[lengaswear.com/en/imgs/cancel.png]
[lengaswear.com/en/modalCheckout.html]
[lengaswear.com/en/watches/imgs/fondo-taller-reloj.jpg]
[lengaswear.com/en/watches/css/pagina-relojes-desktop81ca.css]
[lengaswear.com/en/watches/fotos/lenga-portada.jpg]
[lengaswear.com/en/watches/imgs/quemanta-wallpaper.jpg]
[lengaswear.com/en/watches/css/lenga.css]
[lengaswear.com/en/watches/css/pagina-relojes-mobile81ca.css]
[lengaswear.com/en/watches/css/lengaMob.css]
[lengaswear.com/en/watches/imgs/plus.svg]
[lengaswear.com/en/watches/imgs/sketch-reloj-en.svg]
[lengaswear.com/en/watches/imgs/star.svg]
[lengaswear.com/en/watches/css/insta-style.css]
[lengaswear.com/en/watches/fotos/guayubira-portada.jpg]
[lengaswear.com/en/watches/imgs/tesh-wallpaper.jpg]
[lengaswear.com/en/watches/css/guayubira.css]
[lengaswear.com/en/watches/css/guayubiraMob.css]
[lengaswear.com/en/watches/fotos/cancharana-portada.jpg]
[lengaswear.com/en/watches/imgs/jauke-wallpaper.jpg]
[lengaswear.com/en/watches/css/cancharana.css]
[lengaswear.com/en/watches/fotos/cancharana-portada-mob.jpg]
[lengaswear.com/en/watches/css/cancharanaMob.css]
[lengaswear.com/en/watches/css/pagina-relojes-desktop528b.css]
[lengaswear.com/en/watches/fotos/moradillo-portada.jpg]
[lengaswear.com/en/watches/imgs/mahai-wallpaper.jpg]
[lengaswear.com/en/watches/css/moradillo.css]
[lengaswear.com/en/watches/css/pagina-relojes-mobile528b.css]
[lengaswear.com/en/watches/css/moradilloMob.css]
[lengaswear.com/en/modalCorpo.php]
[lengaswear.com/es/css/carrito.css]
[lengaswear.com/es/css/carritoMobaf24.css]
[lengaswear.com/es/menu.html]
[lengaswear.com/es/imgs/coupon3.svg]
[lengaswear.com/es/imgs/paypal.svg]
[lengaswear.com/es/imgs/visa.svg]
[lengaswear.com/es/imgs/mastercard.svg]
[lengaswear.com/es/imgs/american-express.svg]
[lengaswear.com/es/imgs/delete.svg]
[lengaswear.com/es/imgs/minus.svg]
[lengaswear.com/en/videos/Horizontal.mp4]
[lengaswear.com/en/watches/imgs/correas-moradillo.png]
[lengaswear.com/es/modalCheckout.html]
[lengaswear.com/es/relojes/imgs/fondo-taller-reloj.jpg]
[lengaswear.com/es/relojes/css/pagina-relojes-desktop81ca.css]
[lengaswear.com/es/relojes/fotos/lenga-portada.jpg]
[lengaswear.com/es/relojes/imgs/quemanta-wallpaper.jpg]
[lengaswear.com/es/relojes/css/lenga.css]
[lengaswear.com/es/relojes/css/pagina-relojes-mobile81ca.css]
[lengaswear.com/es/relojes/css/lengaMob.css]
[lengaswear.com/es/relojes/imgs/plus.svg]
[lengaswear.com/es/relojes/imgs/sketch-reloj.svg]
[lengaswear.com/es/relojes/imgs/star.svg]
[lengaswear.com/es/relojes/css/insta-style.css]
[lengaswear.com/es/relojes/fotos/guayubira-portada.jpg]
[lengaswear.com/es/relojes/imgs/tesh-wallpaper.jpg]
[lengaswear.com/es/relojes/css/guayubira.css]
[lengaswear.com/es/relojes/css/guayubiraMob.css]
[lengaswear.com/es/relojes/fotos/reloj-lengas-jauke.jpg]
[lengaswear.com/es/relojes/imgs/jauke-wallpaper.jpg]
[lengaswear.com/es/relojes/css/cancharana.css]
[lengaswear.com/es/relojes/css/cancharanaMob.css]
[lengaswear.com/es/relojes/css/pagina-relojes-desktop528b.css]
[lengaswear.com/es/relojes/fotos/moradillo-portada.jpg]
[lengaswear.com/es/relojes/imgs/mahai-wallpaper.jpg]
[lengaswear.com/es/relojes/css/moradillo.css]
[lengaswear.com/es/relojes/css/pagina-relojes-mobile528b.css]
[lengaswear.com/es/relojes/css/moradilloMob.css]
[lengaswear.com/latam/css/carrito.css]
[lengaswear.com/latam/css/carritoMobaf24.css]
[lengaswear.com/latam/relojes/imgs/portada-mate.jpg]
[lengaswear.com/latam/imgs/personalizado.jpg]
[lengaswear.com/latam/imgs/relojes-madera-gal3.1.jpg]
[lengaswear.com/latam/css/info-envio.css]
[lengaswear.com/latam/menu.html]
[lengaswear.com/latam/imgs/coupon3.svg]
[lengaswear.com/latam/imgs/paypal.svg]
[lengaswear.com/latam/imgs/visa.svg]
[lengaswear.com/latam/imgs/mastercard.svg]
[lengaswear.com/latam/imgs/american-express.svg]
[lengaswear.com/latam/imgs/delete.svg]
[lengaswear.com/latam/imgs/minus.svg]
[lengaswear.com/latam/relojes/imgs/fondo-taller-reloj.jpg]
[lengaswear.com/latam/relojes/css/pagina-relojes-desktop81ca.css]
[lengaswear.com/latam/relojes/fotos/lenga-portada.jpg]
[lengaswear.com/latam/relojes/imgs/quemanta-wallpaper.jpg]
[lengaswear.com/latam/relojes/css/lenga.css]
[lengaswear.com/latam/relojes/css/pagina-relojes-mobile81ca.css]
[lengaswear.com/latam/relojes/css/lengaMob.css]
[lengaswear.com/latam/relojes/imgs/plus.svg]
[lengaswear.com/latam/relojes/imgs/sketch-reloj.svg]
[lengaswear.com/latam/relojes/imgs/star.svg]
[lengaswear.com/latam/modalCheckout.html]
[lengaswear.com/latam/relojes/css/insta-style.css]
[lengaswear.com/latam/relojes/fotos/guayubira-portada.jpg]
[lengaswear.com/latam/relojes/imgs/tesh-wallpaper.jpg]
[lengaswear.com/latam/relojes/css/guayubira.css]
[lengaswear.com/latam/relojes/css/guayubiraMob.css]
[lengaswear.com/latam/relojes/fotos/reloj-lengas-jauke.jpg]
[lengaswear.com/latam/relojes/imgs/jauke-wallpaper.jpg]
[lengaswear.com/latam/relojes/css/cancharana.css]
[lengaswear.com/latam/relojes/css/cancharanaMob.css]
[lengaswear.com/latam/relojes/css/pagina-relojes-desktop528b.css]
[lengaswear.com/latam/relojes/fotos/moradillo-portada.jpg]
[lengaswear.com/latam/relojes/imgs/mahai-wallpaper.jpg]
[lengaswear.com/latam/relojes/css/moradillo.css]
[lengaswear.com/latam/relojes/css/pagina-relojes-mobile528b.css]
[lengaswear.com/latam/relojes/css/moradilloMob.css]
[lengaswear.com/en/terms.html]
[lengaswear.com/es/terminos.html]
[lengaswear.com/latam/imgs/truck.svg]
[lengaswear.com/latam/videos/Horizontal.mp4]
[lengaswear.com/latam/relojes/imgs/portada-mate.jpg]
[lengaswear.com/latam/imgs/relojes-madera-gal3.1.jpg]
[lengaswear.com/latam/imgs/whatsapp.svg]
